Scanning BinarySearch.java...
CLASS ID(BinarySearch) LCURL PUBLIC STATIC VOID MAIN LPAREN STRING LSQUARE RSQUARE ID(a) RPAREN LCURL PRINT LPAREN NEW ID(BS) LPAREN RPAREN DOT ID(Start) LPAREN INT(20) RPAREN RPAREN SEMICOLON RCURL RCURL CLASS ID(BS) LCURL INT LSQUARE RSQUARE ID(number) SEMICOLON INT ID(size) SEMICOLON PUBLIC INT ID(Start) LPAREN INT ID(sz) RPAREN LCURL INT ID(aux01) SEMICOLON INT ID(aux02) SEMICOLON ID(aux01) EQUALS THIS DOT ID(Init) LPAREN ID(sz) RPAREN SEMICOLON ID(aux02) EQUALS THIS DOT ID(Print) LPAREN RPAREN SEMICOLON IF LPAREN THIS DOT ID(Search) LPAREN INT(8) RPAREN RPAREN PRINT LPAREN INT(1) RPAREN SEMICOLON ELSE PRINT LPAREN INT(0) RPAREN SEMICOLON IF LPAREN THIS DOT ID(Search) LPAREN INT(19) RPAREN RPAREN PRINT LPAREN INT(1) RPAREN SEMICOLON ELSE PRINT LPAREN INT(0) RPAREN SEMICOLON IF LPAREN THIS DOT ID(Search) LPAREN INT(20) RPAREN RPAREN PRINT LPAREN INT(1) RPAREN SEMICOLON ELSE PRINT LPAREN INT(0) RPAREN SEMICOLON IF LPAREN THIS DOT ID(Search) LPAREN INT(21) RPAREN RPAREN PRINT LPAREN INT(1) RPAREN SEMICOLON ELSE PRINT LPAREN INT(0) RPAREN SEMICOLON IF LPAREN THIS DOT ID(Search) LPAREN INT(37) RPAREN RPAREN PRINT LPAREN INT(1) RPAREN SEMICOLON ELSE PRINT LPAREN INT(0) RPAREN SEMICOLON IF LPAREN THIS DOT ID(Search) LPAREN INT(38) RPAREN RPAREN PRINT LPAREN INT(1) RPAREN SEMICOLON ELSE PRINT LPAREN INT(0) RPAREN SEMICOLON IF LPAREN THIS DOT ID(Search) LPAREN INT(39) RPAREN RPAREN PRINT LPAREN INT(1) RPAREN SEMICOLON ELSE PRINT LPAREN INT(0) RPAREN SEMICOLON IF LPAREN THIS DOT ID(Search) LPAREN INT(50) RPAREN RPAREN PRINT LPAREN INT(1) RPAREN SEMICOLON ELSE PRINT LPAREN INT(0) RPAREN SEMICOLON RETURN INT(999) SEMICOLON RCURL PUBLIC BOOLEAN ID(Search) LPAREN INT ID(num) RPAREN LCURL BOOLEAN ID(bs01) SEMICOLON INT ID(right) SEMICOLON INT ID(left) SEMICOLON BOOLEAN ID(var_cont) SEMICOLON INT ID(medium) SEMICOLON INT ID(aux01) SEMICOLON INT ID(nt) SEMICOLON ID(aux01) EQUALS INT(0) SEMICOLON ID(bs01) EQUALS FALSE SEMICOLON ID(right) EQUALS ID(number) DOT LENGTH SEMICOLON ID(right) EQUALS ID(right) MINUS INT(1) SEMICOLON ID(left) EQUALS INT(0) SEMICOLON ID(var_cont) EQUALS TRUE SEMICOLON WHILE LPAREN ID(var_cont) RPAREN LCURL ID(medium) EQUALS ID(left) PLUS ID(right) SEMICOLON ID(medium) EQUALS THIS DOT ID(Div) LPAREN ID(medium) RPAREN SEMICOLON ID(aux01) EQUALS ID(number) LSQUARE ID(medium) RSQUARE SEMICOLON IF LPAREN ID(num) LESS_THAN ID(aux01) RPAREN ID(right) EQUALS ID(medium) MINUS INT(1) SEMICOLON ELSE ID(left) EQUALS ID(medium) PLUS INT(1) SEMICOLON IF LPAREN THIS DOT ID(Compare) LPAREN ID(aux01) COMMA ID(num) RPAREN RPAREN ID(var_cont) EQUALS FALSE SEMICOLON ELSE ID(var_cont) EQUALS TRUE SEMICOLON IF LPAREN ID(right) LESS_THAN ID(left) RPAREN ID(var_cont) EQUALS FALSE SEMICOLON ELSE ID(nt) EQUALS INT(0) SEMICOLON RCURL IF LPAREN THIS DOT ID(Compare) LPAREN ID(aux01) COMMA ID(num) RPAREN RPAREN ID(bs01) EQUALS TRUE SEMICOLON ELSE ID(bs01) EQUALS FALSE SEMICOLON RETURN ID(bs01) SEMICOLON RCURL PUBLIC INT ID(Div) LPAREN INT ID(num) RPAREN LCURL INT ID(count01) SEMICOLON INT ID(count02) SEMICOLON INT ID(aux03) SEMICOLON ID(count01) EQUALS INT(0) SEMICOLON ID(count02) EQUALS INT(0) SEMICOLON ID(aux03) EQUALS ID(num) MINUS INT(1) SEMICOLON WHILE LPAREN ID(count02) LESS_THAN ID(aux03) RPAREN LCURL ID(count01) EQUALS ID(count01) PLUS INT(1) SEMICOLON ID(count02) EQUALS ID(count02) PLUS INT(2) SEMICOLON RCURL RETURN ID(count01) SEMICOLON RCURL PUBLIC BOOLEAN ID(Compare) LPAREN INT ID(num1) COMMA INT ID(num2) RPAREN LCURL BOOLEAN ID(retval) SEMICOLON INT ID(aux02) SEMICOLON ID(retval) EQUALS FALSE SEMICOLON ID(aux02) EQUALS ID(num2) PLUS INT(1) SEMICOLON IF LPAREN ID(num1) LESS_THAN ID(num2) RPAREN ID(retval) EQUALS FALSE SEMICOLON ELSE IF LPAREN NOT LPAREN ID(num1) LESS_THAN ID(aux02) RPAREN RPAREN ID(retval) EQUALS FALSE SEMICOLON ELSE ID(retval) EQUALS TRUE SEMICOLON RETURN ID(retval) SEMICOLON RCURL PUBLIC INT ID(Print) LPAREN RPAREN LCURL INT ID(j) SEMICOLON ID(j) EQUALS INT(1) SEMICOLON WHILE LPAREN ID(j) LESS_THAN LPAREN ID(size) RPAREN RPAREN LCURL PRINT LPAREN ID(number) LSQUARE ID(j) RSQUARE RPAREN SEMICOLON ID(j) EQUALS ID(j) PLUS INT(1) SEMICOLON RCURL PRINT LPAREN INT(99999) RPAREN SEMICOLON RETURN INT(0) SEMICOLON RCURL PUBLIC INT ID(Init) LPAREN INT ID(sz) RPAREN LCURL INT ID(j) SEMICOLON INT ID(k) SEMICOLON INT ID(aux02) SEMICOLON INT ID(aux01) SEMICOLON ID(size) EQUALS ID(sz) SEMICOLON ID(number) EQUALS NEW INT LSQUARE ID(sz) RSQUARE SEMICOLON ID(j) EQUALS INT(1) SEMICOLON ID(k) EQUALS ID(size) PLUS INT(1) SEMICOLON WHILE LPAREN ID(j) LESS_THAN LPAREN ID(size) RPAREN RPAREN LCURL ID(aux01) EQUALS INT(2) MULT ID(j) SEMICOLON ID(aux02) EQUALS ID(k) MINUS INT(3) SEMICOLON ID(number) LSQUARE ID(j) RSQUARE EQUALS ID(aux01) PLUS ID(aux02) SEMICOLON ID(j) EQUALS ID(j) PLUS INT(1) SEMICOLON ID(k) EQUALS ID(k) MINUS INT(1) SEMICOLON RCURL RETURN INT(0) SEMICOLON RCURL RCURL
