Scanning BubbleSort.java...
CLASS ID(BubbleSort) LCURL PUBLIC STATIC VOID MAIN LPAREN STRING LSQUARE RSQUARE ID(a) RPAREN LCURL PRINT LPAREN NEW ID(BBS) LPAREN RPAREN DOT ID(Start) LPAREN INT(10) RPAREN RPAREN SEMICOLON RCURL RCURL CLASS ID(BBS) LCURL INT LSQUARE RSQUARE ID(number) SEMICOLON INT ID(size) SEMICOLON PUBLIC INT ID(Start) LPAREN INT ID(sz) RPAREN LCURL INT ID(aux01) SEMICOLON ID(aux01) EQUALS THIS DOT ID(Init) LPAREN ID(sz) RPAREN SEMICOLON ID(aux01) EQUALS THIS DOT ID(Print) LPAREN RPAREN SEMICOLON PRINT LPAREN INT(99999) RPAREN SEMICOLON ID(aux01) EQUALS THIS DOT ID(Sort) LPAREN RPAREN SEMICOLON ID(aux01) EQUALS THIS DOT ID(Print) LPAREN RPAREN SEMICOLON RETURN INT(0) SEMICOLON RCURL PUBLIC INT ID(Sort) LPAREN RPAREN LCURL INT ID(nt) SEMICOLON INT ID(i) SEMICOLON INT ID(aux02) SEMICOLON INT ID(aux04) SEMICOLON INT ID(aux05) SEMICOLON INT ID(aux06) SEMICOLON INT ID(aux07) SEMICOLON INT ID(j) SEMICOLON INT ID(t) SEMICOLON ID(i) EQUALS ID(size) MINUS INT(1) SEMICOLON ID(aux02) EQUALS INT(0) MINUS INT(1) SEMICOLON WHILE LPAREN ID(aux02) LESS_THAN ID(i) RPAREN LCURL ID(j) EQUALS INT(1) SEMICOLON WHILE LPAREN ID(j) LESS_THAN LPAREN ID(i) PLUS INT(1) RPAREN RPAREN LCURL ID(aux07) EQUALS ID(j) MINUS INT(1) SEMICOLON ID(aux04) EQUALS ID(number) LSQUARE ID(aux07) RSQUARE SEMICOLON ID(aux05) EQUALS ID(number) LSQUARE ID(j) RSQUARE SEMICOLON IF LPAREN ID(aux05) LESS_THAN ID(aux04) RPAREN LCURL ID(aux06) EQUALS ID(j) MINUS INT(1) SEMICOLON ID(t) EQUALS ID(number) LSQUARE ID(aux06) RSQUARE SEMICOLON ID(number) LSQUARE ID(aux06) RSQUARE EQUALS ID(number) LSQUARE ID(j) RSQUARE SEMICOLON ID(number) LSQUARE ID(j) RSQUARE EQUALS ID(t) SEMICOLON RCURL ID(else) ID(nt) EQUALS INT(0) SEMICOLON ID(j) EQUALS ID(j) PLUS INT(1) SEMICOLON RCURL ID(i) EQUALS ID(i) MINUS INT(1) SEMICOLON RCURL RETURN INT(0) SEMICOLON RCURL PUBLIC INT ID(Print) LPAREN RPAREN LCURL INT ID(j) SEMICOLON ID(j) EQUALS INT(0) SEMICOLON WHILE LPAREN ID(j) LESS_THAN LPAREN ID(size) RPAREN RPAREN LCURL PRINT LPAREN ID(number) LSQUARE ID(j) RSQUARE RPAREN SEMICOLON ID(j) EQUALS ID(j) PLUS INT(1) SEMICOLON RCURL RETURN INT(0) SEMICOLON RCURL PUBLIC INT ID(Init) LPAREN INT ID(sz) RPAREN LCURL ID(size) EQUALS ID(sz) SEMICOLON ID(number) EQUALS NEW INT LSQUARE ID(sz) RSQUARE SEMICOLON ID(number) LSQUARE INT(0) RSQUARE EQUALS INT(20) SEMICOLON ID(number) LSQUARE INT(1) RSQUARE EQUALS INT(7) SEMICOLON ID(number) LSQUARE INT(2) RSQUARE EQUALS INT(12) SEMICOLON ID(number) LSQUARE INT(3) RSQUARE EQUALS INT(18) SEMICOLON ID(number) LSQUARE INT(4) RSQUARE EQUALS INT(2) SEMICOLON ID(number) LSQUARE INT(5) RSQUARE EQUALS INT(11) SEMICOLON ID(number) LSQUARE INT(6) RSQUARE EQUALS INT(6) SEMICOLON ID(number) LSQUARE INT(7) RSQUARE EQUALS INT(9) SEMICOLON ID(number) LSQUARE INT(8) RSQUARE EQUALS INT(19) SEMICOLON ID(number) LSQUARE INT(9) RSQUARE EQUALS INT(5) SEMICOLON RETURN INT(0) SEMICOLON RCURL RCURL
