DIV TIMES THIS ID(is) ID(broken) ID(very) ID(broken) DIV DIV TIMES ID(should) ID(have) DIV TIMES TIMES TIMES TIMES TIMES TIMES TIMES TIMES ID(many) ID(problems) DIV DIV DIV DIV DIV DIV DIV ID(done) DOT 