CLASS ID(LinearSearch) LCURL PUBLIC STATIC VOID MAIN LPAREN STRING LSQUARE RSQUARE ID(a) RPAREN LCURL PRINT LPAREN NEW ID(LS) LPAREN RPAREN DOT ID(Start) LPAREN INT(10) RPAREN RPAREN SEMICOLON RCURL RCURL CLASS ID(LS) LCURL INT LSQUARE RSQUARE ID(number) SEMICOLON INT ID(size) SEMICOLON PUBLIC INT ID(Start) LPAREN INT ID(sz) RPAREN LCURL INT ID(aux01) SEMICOLON INT ID(aux02) SEMICOLON ID(aux01) ASSIGN THIS DOT ID(Init) LPAREN ID(sz) RPAREN SEMICOLON ID(aux02) ASSIGN THIS DOT ID(Print) LPAREN RPAREN SEMICOLON PRINT LPAREN INT(9999) RPAREN SEMICOLON PRINT LPAREN THIS DOT ID(Search) LPAREN INT(8) RPAREN RPAREN SEMICOLON PRINT LPAREN THIS DOT ID(Search) LPAREN INT(12) RPAREN RPAREN SEMICOLON PRINT LPAREN THIS DOT ID(Search) LPAREN INT(17) RPAREN RPAREN SEMICOLON PRINT LPAREN THIS DOT ID(Search) LPAREN INT(50) RPAREN RPAREN SEMICOLON RETURN INT(55) SEMICOLON RCURL PUBLIC INT ID(Print) LPAREN RPAREN LCURL INT ID(j) SEMICOLON ID(j) ASSIGN INT(1) SEMICOLON WHILE LPAREN ID(j) LESS_THAN LPAREN ID(size) RPAREN RPAREN LCURL PRINT LPAREN ID(number) LSQUARE ID(j) RSQUARE RPAREN SEMICOLON ID(j) ASSIGN ID(j) PLUS INT(1) SEMICOLON RCURL RETURN INT(0) SEMICOLON RCURL PUBLIC INT ID(Search) LPAREN INT ID(num) RPAREN LCURL INT ID(j) SEMICOLON BOOLEAN ID(ls01) SEMICOLON INT ID(ifound) SEMICOLON INT ID(aux01) SEMICOLON INT ID(aux02) SEMICOLON INT ID(nt) SEMICOLON ID(j) ASSIGN INT(1) SEMICOLON ID(ls01) ASSIGN FALSE SEMICOLON ID(ifound) ASSIGN INT(0) SEMICOLON WHILE LPAREN ID(j) LESS_THAN LPAREN ID(size) RPAREN RPAREN LCURL ID(aux01) ASSIGN ID(number) LSQUARE ID(j) RSQUARE SEMICOLON ID(aux02) ASSIGN ID(num) PLUS INT(1) SEMICOLON IF LPAREN ID(aux01) LESS_THAN ID(num) RPAREN ID(nt) ASSIGN INT(0) SEMICOLON ELSE IF LPAREN NOT LPAREN ID(aux01) LESS_THAN ID(aux02) RPAREN RPAREN ID(nt) ASSIGN INT(0) SEMICOLON ELSE LCURL ID(ls01) ASSIGN TRUE SEMICOLON ID(ifound) ASSIGN INT(1) SEMICOLON ID(j) ASSIGN ID(size) SEMICOLON RCURL ID(j) ASSIGN ID(j) PLUS INT(1) SEMICOLON RCURL RETURN ID(ifound) SEMICOLON RCURL PUBLIC INT ID(Init) LPAREN INT ID(sz) RPAREN LCURL INT ID(j) SEMICOLON INT ID(k) SEMICOLON INT ID(aux01) SEMICOLON INT ID(aux02) SEMICOLON ID(size) ASSIGN ID(sz) SEMICOLON ID(number) ASSIGN NEW INT LSQUARE ID(sz) RSQUARE SEMICOLON ID(j) ASSIGN INT(1) SEMICOLON ID(k) ASSIGN ID(size) PLUS INT(1) SEMICOLON WHILE LPAREN ID(j) LESS_THAN LPAREN ID(size) RPAREN RPAREN LCURL ID(aux01) ASSIGN INT(2) TIMES ID(j) SEMICOLON ID(aux02) ASSIGN ID(k) MINUS INT(3) SEMICOLON ID(number) LSQUARE ID(j) RSQUARE ASSIGN ID(aux01) PLUS ID(aux02) SEMICOLON ID(j) ASSIGN ID(j) PLUS INT(1) SEMICOLON ID(k) ASSIGN ID(k) MINUS INT(1) SEMICOLON RCURL RETURN INT(0) SEMICOLON RCURL RCURL 