CLASS ID(LinkedList) LCURL PUBLIC STATIC VOID MAIN LPAREN STRING LSQUARE RSQUARE ID(a) RPAREN LCURL PRINT LPAREN NEW ID(LL) LPAREN RPAREN DOT ID(Start) LPAREN RPAREN RPAREN SEMICOLON RCURL RCURL CLASS ID(Element) LCURL INT ID(Age) SEMICOLON INT ID(Salary) SEMICOLON BOOLEAN ID(Married) SEMICOLON PUBLIC BOOLEAN ID(Init) LPAREN INT ID(v_Age) COMMA INT ID(v_Salary) COMMA BOOLEAN ID(v_Married) RPAREN LCURL ID(Age) EQUALS ID(v_Age) SEMICOLON ID(Salary) EQUALS ID(v_Salary) SEMICOLON ID(Married) EQUALS ID(v_Married) SEMICOLON RETURN TRUE SEMICOLON RCURL PUBLIC INT ID(GetAge) LPAREN RPAREN LCURL RETURN ID(Age) SEMICOLON RCURL PUBLIC INT ID(GetSalary) LPAREN RPAREN LCURL RETURN ID(Salary) SEMICOLON RCURL PUBLIC BOOLEAN ID(GetMarried) LPAREN RPAREN LCURL RETURN ID(Married) SEMICOLON RCURL PUBLIC BOOLEAN ID(Equal) LPAREN ID(Element) ID(other) RPAREN LCURL BOOLEAN ID(ret_val) SEMICOLON INT ID(aux01) SEMICOLON INT ID(aux02) SEMICOLON INT ID(nt) SEMICOLON ID(ret_val) EQUALS TRUE SEMICOLON ID(aux01) EQUALS ID(other) DOT ID(GetAge) LPAREN RPAREN SEMICOLON IF LPAREN NOT THIS DOT ID(Compare) LPAREN ID(aux01) COMMA ID(Age) RPAREN RPAREN ID(ret_val) EQUALS FALSE SEMICOLON ELSE LCURL ID(aux02) EQUALS ID(other) DOT ID(GetSalary) LPAREN RPAREN SEMICOLON IF LPAREN NOT THIS DOT ID(Compare) LPAREN ID(aux02) COMMA ID(Salary) RPAREN RPAREN ID(ret_val) EQUALS FALSE SEMICOLON ELSE IF LPAREN ID(Married) RPAREN IF LPAREN NOT ID(other) DOT ID(GetMarried) LPAREN RPAREN RPAREN ID(ret_val) EQUALS FALSE SEMICOLON ELSE ID(nt) EQUALS INT(0) SEMICOLON ELSE IF LPAREN ID(other) DOT ID(GetMarried) LPAREN RPAREN RPAREN ID(ret_val) EQUALS FALSE SEMICOLON ELSE ID(nt) EQUALS INT(0) SEMICOLON RCURL RETURN ID(ret_val) SEMICOLON RCURL PUBLIC BOOLEAN ID(Compare) LPAREN INT ID(num1) COMMA INT ID(num2) RPAREN LCURL BOOLEAN ID(retval) SEMICOLON INT ID(aux02) SEMICOLON ID(retval) EQUALS FALSE SEMICOLON ID(aux02) EQUALS ID(num2) PLUS INT(1) SEMICOLON IF LPAREN ID(num1) LESS_THAN ID(num2) RPAREN ID(retval) EQUALS FALSE SEMICOLON ELSE IF LPAREN NOT LPAREN ID(num1) LESS_THAN ID(aux02) RPAREN RPAREN ID(retval) EQUALS FALSE SEMICOLON ELSE ID(retval) EQUALS TRUE SEMICOLON RETURN ID(retval) SEMICOLON RCURL RCURL CLASS ID(List) LCURL ID(Element) ID(elem) SEMICOLON ID(List) ID(next) SEMICOLON BOOLEAN ID(end) SEMICOLON PUBLIC BOOLEAN ID(Init) LPAREN RPAREN LCURL ID(end) EQUALS TRUE SEMICOLON RETURN TRUE SEMICOLON RCURL PUBLIC BOOLEAN ID(InitNew) LPAREN ID(Element) ID(v_elem) COMMA ID(List) ID(v_next) COMMA BOOLEAN ID(v_end) RPAREN LCURL ID(end) EQUALS ID(v_end) SEMICOLON ID(elem) EQUALS ID(v_elem) SEMICOLON ID(next) EQUALS ID(v_next) SEMICOLON RETURN TRUE SEMICOLON RCURL PUBLIC ID(List) ID(Insert) LPAREN ID(Element) ID(new_elem) RPAREN LCURL BOOLEAN ID(ret_val) SEMICOLON ID(List) ID(aux03) SEMICOLON ID(List) ID(aux02) SEMICOLON ID(aux03) EQUALS THIS SEMICOLON ID(aux02) EQUALS NEW ID(List) LPAREN RPAREN SEMICOLON ID(ret_val) EQUALS ID(aux02) DOT ID(InitNew) LPAREN ID(new_elem) COMMA ID(aux03) COMMA FALSE RPAREN SEMICOLON RETURN ID(aux02) SEMICOLON RCURL PUBLIC BOOLEAN ID(SetNext) LPAREN ID(List) ID(v_next) RPAREN LCURL ID(next) EQUALS ID(v_next) SEMICOLON RETURN TRUE SEMICOLON RCURL PUBLIC ID(List) ID(Delete) LPAREN ID(Element) ID(e) RPAREN LCURL ID(List) ID(my_head) SEMICOLON BOOLEAN ID(ret_val) SEMICOLON BOOLEAN ID(aux05) SEMICOLON ID(List) ID(aux01) SEMICOLON ID(List) ID(prev) SEMICOLON BOOLEAN ID(var_end) SEMICOLON ID(Element) ID(var_elem) SEMICOLON INT ID(aux04) SEMICOLON INT ID(nt) SEMICOLON ID(my_head) EQUALS THIS SEMICOLON ID(ret_val) EQUALS FALSE SEMICOLON ID(aux04) EQUALS INT(0) MINUS INT(1) SEMICOLON ID(aux01) EQUALS THIS SEMICOLON ID(prev) EQUALS THIS SEMICOLON ID(var_end) EQUALS ID(end) SEMICOLON ID(var_elem) EQUALS ID(elem) SEMICOLON WHILE LPAREN LPAREN NOT ID(var_end) RPAREN AND LPAREN NOT ID(ret_val) RPAREN RPAREN LCURL IF LPAREN ID(e) DOT ID(Equal) LPAREN ID(var_elem) RPAREN RPAREN LCURL ID(ret_val) EQUALS TRUE SEMICOLON IF LPAREN ID(aux04) LESS_THAN INT(0) RPAREN LCURL ID(my_head) EQUALS ID(aux01) DOT ID(GetNext) LPAREN RPAREN SEMICOLON RCURL ELSE LCURL PRINT LPAREN INT(0) MINUS INT(555) RPAREN SEMICOLON ID(aux05) EQUALS ID(prev) DOT ID(SetNext) LPAREN ID(aux01) DOT ID(GetNext) LPAREN RPAREN RPAREN SEMICOLON PRINT LPAREN INT(0) MINUS INT(555) RPAREN SEMICOLON RCURL RCURL ELSE ID(nt) EQUALS INT(0) SEMICOLON IF LPAREN NOT ID(ret_val) RPAREN LCURL ID(prev) EQUALS ID(aux01) SEMICOLON ID(aux01) EQUALS ID(aux01) DOT ID(GetNext) LPAREN RPAREN SEMICOLON ID(var_end) EQUALS ID(aux01) DOT ID(GetEnd) LPAREN RPAREN SEMICOLON ID(var_elem) EQUALS ID(aux01) DOT ID(GetElem) LPAREN RPAREN SEMICOLON ID(aux04) EQUALS INT(1) SEMICOLON RCURL ELSE ID(nt) EQUALS INT(0) SEMICOLON RCURL RETURN ID(my_head) SEMICOLON RCURL PUBLIC INT ID(Search) LPAREN ID(Element) ID(e) RPAREN LCURL INT ID(int_ret_val) SEMICOLON ID(List) ID(aux01) SEMICOLON ID(Element) ID(var_elem) SEMICOLON BOOLEAN ID(var_end) SEMICOLON INT ID(nt) SEMICOLON ID(int_ret_val) EQUALS INT(0) SEMICOLON ID(aux01) EQUALS THIS SEMICOLON ID(var_end) EQUALS ID(end) SEMICOLON ID(var_elem) EQUALS ID(elem) SEMICOLON WHILE LPAREN NOT ID(var_end) RPAREN LCURL IF LPAREN ID(e) DOT ID(Equal) LPAREN ID(var_elem) RPAREN RPAREN LCURL ID(int_ret_val) EQUALS INT(1) SEMICOLON RCURL ELSE ID(nt) EQUALS INT(0) SEMICOLON ID(aux01) EQUALS ID(aux01) DOT ID(GetNext) LPAREN RPAREN SEMICOLON ID(var_end) EQUALS ID(aux01) DOT ID(GetEnd) LPAREN RPAREN SEMICOLON ID(var_elem) EQUALS ID(aux01) DOT ID(GetElem) LPAREN RPAREN SEMICOLON RCURL RETURN ID(int_ret_val) SEMICOLON RCURL PUBLIC BOOLEAN ID(GetEnd) LPAREN RPAREN LCURL RETURN ID(end) SEMICOLON RCURL PUBLIC ID(Element) ID(GetElem) LPAREN RPAREN LCURL RETURN ID(elem) SEMICOLON RCURL PUBLIC ID(List) ID(GetNext) LPAREN RPAREN LCURL RETURN ID(next) SEMICOLON RCURL PUBLIC BOOLEAN ID(Print) LPAREN RPAREN LCURL ID(List) ID(aux01) SEMICOLON BOOLEAN ID(var_end) SEMICOLON ID(Element) ID(var_elem) SEMICOLON ID(aux01) EQUALS THIS SEMICOLON ID(var_end) EQUALS ID(end) SEMICOLON ID(var_elem) EQUALS ID(elem) SEMICOLON WHILE LPAREN NOT ID(var_end) RPAREN LCURL PRINT LPAREN ID(var_elem) DOT ID(GetAge) LPAREN RPAREN RPAREN SEMICOLON ID(aux01) EQUALS ID(aux01) DOT ID(GetNext) LPAREN RPAREN SEMICOLON ID(var_end) EQUALS ID(aux01) DOT ID(GetEnd) LPAREN RPAREN SEMICOLON ID(var_elem) EQUALS ID(aux01) DOT ID(GetElem) LPAREN RPAREN SEMICOLON RCURL RETURN TRUE SEMICOLON RCURL RCURL CLASS ID(LL) LCURL PUBLIC INT ID(Start) LPAREN RPAREN LCURL ID(List) ID(head) SEMICOLON ID(List) ID(last_elem) SEMICOLON BOOLEAN ID(aux01) SEMICOLON ID(Element) ID(el01) SEMICOLON ID(Element) ID(el02) SEMICOLON ID(Element) ID(el03) SEMICOLON ID(last_elem) EQUALS NEW ID(List) LPAREN RPAREN SEMICOLON ID(aux01) EQUALS ID(last_elem) DOT ID(Init) LPAREN RPAREN SEMICOLON ID(head) EQUALS ID(last_elem) SEMICOLON ID(aux01) EQUALS ID(head) DOT ID(Init) LPAREN RPAREN SEMICOLON ID(aux01) EQUALS ID(head) DOT ID(Print) LPAREN RPAREN SEMICOLON ID(el01) EQUALS NEW ID(Element) LPAREN RPAREN SEMICOLON ID(aux01) EQUALS ID(el01) DOT ID(Init) LPAREN INT(25) COMMA INT(37000) COMMA FALSE RPAREN SEMICOLON ID(head) EQUALS ID(head) DOT ID(Insert) LPAREN ID(el01) RPAREN SEMICOLON ID(aux01) EQUALS ID(head) DOT ID(Print) LPAREN RPAREN SEMICOLON PRINT LPAREN INT(10000000) RPAREN SEMICOLON ID(el01) EQUALS NEW ID(Element) LPAREN RPAREN SEMICOLON ID(aux01) EQUALS ID(el01) DOT ID(Init) LPAREN INT(39) COMMA INT(42000) COMMA TRUE RPAREN SEMICOLON ID(el02) EQUALS ID(el01) SEMICOLON ID(head) EQUALS ID(head) DOT ID(Insert) LPAREN ID(el01) RPAREN SEMICOLON ID(aux01) EQUALS ID(head) DOT ID(Print) LPAREN RPAREN SEMICOLON PRINT LPAREN INT(10000000) RPAREN SEMICOLON ID(el01) EQUALS NEW ID(Element) LPAREN RPAREN SEMICOLON ID(aux01) EQUALS ID(el01) DOT ID(Init) LPAREN INT(22) COMMA INT(34000) COMMA FALSE RPAREN SEMICOLON ID(head) EQUALS ID(head) DOT ID(Insert) LPAREN ID(el01) RPAREN SEMICOLON ID(aux01) EQUALS ID(head) DOT ID(Print) LPAREN RPAREN SEMICOLON ID(el03) EQUALS NEW ID(Element) LPAREN RPAREN SEMICOLON ID(aux01) EQUALS ID(el03) DOT ID(Init) LPAREN INT(27) COMMA INT(34000) COMMA FALSE RPAREN SEMICOLON PRINT LPAREN ID(head) DOT ID(Search) LPAREN ID(el02) RPAREN RPAREN SEMICOLON PRINT LPAREN ID(head) DOT ID(Search) LPAREN ID(el03) RPAREN RPAREN SEMICOLON PRINT LPAREN INT(10000000) RPAREN SEMICOLON ID(el01) EQUALS NEW ID(Element) LPAREN RPAREN SEMICOLON ID(aux01) EQUALS ID(el01) DOT ID(Init) LPAREN INT(28) COMMA INT(35000) COMMA FALSE RPAREN SEMICOLON ID(head) EQUALS ID(head) DOT ID(Insert) LPAREN ID(el01) RPAREN SEMICOLON ID(aux01) EQUALS ID(head) DOT ID(Print) LPAREN RPAREN SEMICOLON PRINT LPAREN INT(2220000) RPAREN SEMICOLON ID(head) EQUALS ID(head) DOT ID(Delete) LPAREN ID(el02) RPAREN SEMICOLON ID(aux01) EQUALS ID(head) DOT ID(Print) LPAREN RPAREN SEMICOLON PRINT LPAREN INT(33300000) RPAREN SEMICOLON ID(head) EQUALS ID(head) DOT ID(Delete) LPAREN ID(el01) RPAREN SEMICOLON ID(aux01) EQUALS ID(head) DOT ID(Print) LPAREN RPAREN SEMICOLON PRINT LPAREN INT(44440000) RPAREN SEMICOLON RETURN INT(0) SEMICOLON RCURL RCURL